[backblue.gif]
[fade.gif]
[index.html]
[web.stanford.edu/class/cs140/projects/pintos/pintos.html]
[web.stanford.edu/class/cs140/projects/pintos/pintos.css]
[web.stanford.edu/class/cs140/projects/pintos/pintos_abt.html]
[web.stanford.edu/class/cs140/projects/pintos/pintos_1.html]
[web.stanford.edu/class/cs140/projects/pintos/pintos_2.html]
[web.stanford.edu/class/cs140/projects/pintos/pintos_3.html]
[web.stanford.edu/class/cs140/projects/pintos/pintos_4.html]
[web.stanford.edu/class/cs140/projects/pintos/pintos_5.html]
[web.stanford.edu/class/cs140/projects/pintos/pintos_6.html]
[web.stanford.edu/class/cs140/projects/pintos/pintos_7.html]
[web.stanford.edu/class/cs140/projects/pintos/pintos_8.html]
[web.stanford.edu/class/cs140/projects/pintos/pintos_9.html]
[web.stanford.edu/class/cs140/projects/pintos/pintos_10.html]
[web.stanford.edu/class/cs140/projects/pintos/pintos_11.html]
[web.stanford.edu/class/cs140/projects/pintos/pintos_12.html]
[web.stanford.edu/class/cs140/projects/pintos/specs/ata-3-std.pdf]
[web.stanford.edu/class/cs140/projects/pintos/specs/pc16550d.pdf]
[web.stanford.edu/class/cs140/projects/pintos/specs/8254.pdf]
[web.stanford.edu/class/cs140/projects/pintos/specs/8259A.pdf]
[web.stanford.edu/class/cs140/projects/pintos/specs/mc146818a.pdf]
[web.stanford.edu/class/cs140/projects/pintos/specs/elf.pdf]
[web.stanford.edu/class/cs140/projects/pintos/specs/sysv-abi-4.1.pdf]
[web.stanford.edu/class/cs140/projects/pintos/specs/sysv-abi-i386-4.pdf]
[web.stanford.edu/class/cs140/projects/pintos/pintos_13.html]
[web.stanford.edu/class/cs140/projects/pintos/pintos_14.html]
[texi2html.cvshome.org/index.html]
[web.stanford.edu/class/cs140/projects/pintos/pintos_fot.html]
[web.stanford.edu/class/cs140/projects/pintos/threads.html]
[web.stanford.edu/class/cs140/projects/pintos/userprog.html]
[web.stanford.edu/class/cs140/projects/pintos/vm.html]
[web.stanford.edu/class/cs140/projects/pintos/filesys.html]
[web.stanford.edu/class/cs140/projects/pintos/developer.intel.html]
[web.stanford.edu/class/cs140/projects/pintos/specs/freevga/home.html]
[web.stanford.edu/class/cs140/projects/pintos/specs/kbd/scancodes.html]
[web.stanford.edu/class/cs140/projects/pintos/specs/sysv-abi-update.html/contents.html]
[web.stanford.edu/class/cs140/projects/pintos/specs/partitions/partition_tables.html]
[web.stanford.edu/class/cs140/projects/pintos/specs/freevga/freevga.html]
[web.stanford.edu/class/cs140/projects/pintos/specs/freevga/feedback.html]
[web.stanford.edu/class/cs140/projects/pintos/specs/freevga/llintro.html]
[web.stanford.edu/class/cs140/projects/pintos/specs/freevga/hardovr.html]
[web.stanford.edu/class/cs140/projects/pintos/specs/freevga/vtiming.html]
[web.stanford.edu/class/cs140/projects/pintos/specs/freevga/glossary.html]
[web.stanford.edu/class/cs140/projects/pintos/specs/freevga/vga/vga.html]
[web.stanford.edu/class/cs140/projects/pintos/specs/freevga/svga/svga.html]
[web.stanford.edu/class/cs140/projects/pintos/specs/freevga/tricks/tricks.html]
[web.stanford.edu/class/cs140/projects/pintos/specs/freevga/hardrec.html]
[web.stanford.edu/class/cs140/projects/pintos/specs/freevga/license.html]
[web.stanford.edu/class/cs140/projects/pintos/specs/kbd/scancodes-1.html]
[web.stanford.edu/class/cs140/projects/pintos/specs/kbd/xtkbd.jpg]
[web.stanford.edu/class/cs140/projects/pintos/specs/kbd/xtkbd-s.jpg]
[web.stanford.edu/class/cs140/projects/pintos/specs/kbd/victor.jpg]
[web.stanford.edu/class/cs140/projects/pintos/specs/kbd/victor-s.jpg]
[web.stanford.edu/class/cs140/projects/pintos/specs/kbd/m24.jpg]
[web.stanford.edu/class/cs140/projects/pintos/specs/kbd/m24kbd.png]
[web.stanford.edu/class/cs140/projects/pintos/specs/kbd/telerate.jpg]
[web.stanford.edu/class/cs140/projects/pintos/specs/kbd/telerate-s.jpg]
[web.stanford.edu/class/cs140/projects/pintos/specs/kbd/ncr-s.jpg]
[web.stanford.edu/class/cs140/projects/pintos/specs/kbd/scancodes-2.html]
[web.stanford.edu/class/cs140/projects/pintos/specs/kbd/amstrad.jpg]
[web.stanford.edu/class/cs140/projects/pintos/specs/kbd/scancodes-3.html]
[web.stanford.edu/class/cs140/projects/pintos/specs/kbd/amstrad-s.jpg]
[web.stanford.edu/class/cs140/projects/pintos/specs/kbd/xt-at-switch.jpg]
[web.stanford.edu/class/cs140/projects/pintos/specs/kbd/scancodes-4.html]
[web.stanford.edu/class/cs140/projects/pintos/specs/kbd/compaq_easy_access.jpg]
[web.stanford.edu/class/cs140/projects/pintos/specs/kbd/compaq_unkn.jpg]
[web.stanford.edu/class/cs140/projects/pintos/specs/kbd/compaq_unkn-s.jpg]
[web.stanford.edu/class/cs140/projects/pintos/specs/kbd/ibm_rapid_access.jpg]
[web.stanford.edu/class/cs140/projects/pintos/specs/kbd/ibm_rapid_access_II.jpg]
[web.stanford.edu/class/cs140/projects/pintos/specs/kbd/logitech-internet-s.jpg]
[web.stanford.edu/class/cs140/projects/pintos/specs/kbd/logitech-internet.jpg]
[web.stanford.edu/class/cs140/projects/pintos/specs/kbd/logitech-access.jpg]
[web.stanford.edu/class/cs140/projects/pintos/specs/kbd/ms_office.jpg]
[web.stanford.edu/class/cs140/projects/pintos/specs/kbd/nokia.jpg]
[web.stanford.edu/class/cs140/projects/pintos/specs/kbd/nokia-top.jpg]
[web.stanford.edu/class/cs140/projects/pintos/specs/kbd/nokia-left.jpg]
[web.stanford.edu/class/cs140/projects/pintos/specs/kbd/nokia-right.jpg]
[web.stanford.edu/class/cs140/projects/pintos/specs/kbd/nokia-s.jpg]
[web.stanford.edu/class/cs140/projects/pintos/specs/kbd/lk411.jpg]
[web.stanford.edu/class/cs140/projects/pintos/specs/kbd/lk411-left.jpg]
[web.stanford.edu/class/cs140/projects/pintos/specs/kbd/lk411-right.jpg]
[web.stanford.edu/class/cs140/projects/pintos/specs/kbd/lk411-s.jpg]
[web.stanford.edu/class/cs140/projects/pintos/specs/kbd/yahoo912.jpg]
[web.stanford.edu/class/cs140/projects/pintos/specs/kbd/samsung.jpg]
[web.stanford.edu/class/cs140/projects/pintos/specs/kbd/samsung-s.jpg]
[web.stanford.edu/class/cs140/projects/pintos/specs/kbd/sk2500.jpg]
[web.stanford.edu/class/cs140/projects/pintos/specs/kbd/scancodes-5.html]
[web.stanford.edu/class/cs140/projects/pintos/specs/kbd/scancodes-6.html]
[web.stanford.edu/class/cs140/projects/pintos/specs/kbd/jp106.jpg]
[web.stanford.edu/class/cs140/projects/pintos/specs/kbd/jp106-with-scancodes.jpg]
[web.stanford.edu/class/cs140/projects/pintos/specs/kbd/jplaptop.jpg]
[web.stanford.edu/class/cs140/projects/pintos/specs/kbd/imb5576-2.jpg]
[web.stanford.edu/class/cs140/projects/pintos/specs/kbd/scancodes-7.html]
[web.stanford.edu/class/cs140/projects/pintos/specs/kbd/lk201-k.gif]
[web.stanford.edu/class/cs140/projects/pintos/specs/kbd/scancodes-8.html]
[web.stanford.edu/class/cs140/projects/pintos/specs/kbd/table.h]
[web.stanford.edu/class/cs140/projects/pintos/specs/kbd/scancodes-9.html]
[web.stanford.edu/class/cs140/projects/pintos/specs/kbd/scancodes-10.html]
[web.stanford.edu/class/cs140/projects/pintos/specs/kbd/scancodes-11.html]
[web.stanford.edu/class/cs140/projects/pintos/specs/kbd/scancodes-12.html]
[web.stanford.edu/class/cs140/projects/pintos/specs/kbd/scancodes-13.html]
[web.stanford.edu/class/cs140/projects/pintos/specs/kbd/scancodes-14.html]
[web.stanford.edu/class/cs140/projects/pintos/specs/sysv-abi-update.html/contents.gif]
[web.stanford.edu/class/cs140/projects/pintos/specs/sysv-abi-update.html/revision.html]
[web.stanford.edu/class/cs140/projects/pintos/specs/sysv-abi-update.html/warning.gif]
[web.stanford.edu/class/cs140/projects/pintos/specs/sysv-abi-update.html/ch4.intro.html]
[web.stanford.edu/class/cs140/projects/pintos/specs/sysv-abi-update.html/next.gif]
[web.stanford.edu/class/cs140/projects/pintos/specs/sysv-abi-update.html/previous.gif]
[web.stanford.edu/class/cs140/projects/pintos/specs/sysv-abi-update.html/ch4.eheader.html]
[web.stanford.edu/class/cs140/projects/pintos/specs/sysv-abi-update.html/ch4.sheader.html]
[web.stanford.edu/class/cs140/projects/pintos/specs/sysv-abi-update.html/ch4.strtab.html]
[web.stanford.edu/class/cs140/projects/pintos/specs/sysv-abi-update.html/ch4.symtab.html]
[web.stanford.edu/class/cs140/projects/pintos/specs/sysv-abi-update.html/ch4.reloc.html]
[web.stanford.edu/class/cs140/projects/pintos/specs/sysv-abi-update.html/ch5.intro.html]
[web.stanford.edu/class/cs140/projects/pintos/specs/sysv-abi-update.html/ch5.pheader.html]
[web.stanford.edu/class/cs140/projects/pintos/specs/sysv-abi-update.html/ch5.prog_loading.html]
[web.stanford.edu/class/cs140/projects/pintos/specs/sysv-abi-update.html/init_example.gif]
[web.stanford.edu/class/cs140/projects/pintos/specs/sysv-abi-update.html/ch5.dynamic.html]
[web.stanford.edu/class/cs140/projects/pintos/specs/freevga/SVGA.html]
[web.stanford.edu/class/cs140/projects/pintos/specs/freevga/VGA.html]
[web.stanford.edu/class/cs140/projects/pintos/specs/freevga/vga/crtcreg.html]
[web.stanford.edu/class/cs140/projects/pintos/specs/freevga/vga/vgamem.html]
[web.stanford.edu/class/cs140/projects/pintos/specs/freevga/vga/seqplanr.txt]
[web.stanford.edu/class/cs140/projects/pintos/specs/freevga/vga/seqplanr.gif]
[web.stanford.edu/class/cs140/projects/pintos/specs/freevga/vga/seqpack.txt]
[web.stanford.edu/class/cs140/projects/pintos/specs/freevga/vga/seqpack.gif]
[web.stanford.edu/class/cs140/projects/pintos/specs/freevga/vga/256left.txt]
[web.stanford.edu/class/cs140/projects/pintos/specs/freevga/vga/256left.gif]
[web.stanford.edu/class/cs140/projects/pintos/specs/freevga/vga/256right.txt]
[web.stanford.edu/class/cs140/projects/pintos/specs/freevga/vga/vgaseq.html]
[web.stanford.edu/class/cs140/projects/pintos/specs/freevga/vga/256right.gif]
[web.stanford.edu/class/cs140/projects/pintos/specs/freevga/vga/char.txt]
[web.stanford.edu/class/cs140/projects/pintos/specs/freevga/vga/vgatext.html]
[web.stanford.edu/class/cs140/projects/pintos/specs/freevga/vga/textcur.html]
[web.stanford.edu/class/cs140/projects/pintos/specs/freevga/vga/virtual.txt]
[web.stanford.edu/class/cs140/projects/pintos/specs/freevga/vga/virtual.gif]
[web.stanford.edu/class/cs140/projects/pintos/specs/freevga/vga/paging.txt]
[web.stanford.edu/class/cs140/projects/pintos/specs/freevga/vga/paging.gif]
[web.stanford.edu/class/cs140/projects/pintos/specs/freevga/vga/vgafx.html]
[web.stanford.edu/class/cs140/projects/pintos/specs/freevga/vga/vgaattr.html]
[web.stanford.edu/class/cs140/projects/pintos/specs/freevga/vga/vgadac.html]
[web.stanford.edu/class/cs140/projects/pintos/specs/freevga/vga/vgacrtc.html]
[web.stanford.edu/class/cs140/projects/pintos/specs/freevga/vga/vgareg.html]
[web.stanford.edu/class/cs140/projects/pintos/specs/freevga/vga/graphreg.html]
[web.stanford.edu/class/cs140/projects/pintos/specs/freevga/vga/seqreg.html]
[web.stanford.edu/class/cs140/projects/pintos/specs/freevga/vga/attrreg.html]
[web.stanford.edu/class/cs140/projects/pintos/specs/freevga/vga/colorreg.html]
[web.stanford.edu/class/cs140/projects/pintos/specs/freevga/vga/extreg.html]
[web.stanford.edu/class/cs140/projects/pintos/specs/freevga/vga/vgargidx.html]
[web.stanford.edu/class/cs140/projects/pintos/specs/freevga/vga/vgafunc.html]
[web.stanford.edu/class/cs140/projects/pintos/specs/freevga/vga/portidx.html]
[web.stanford.edu/class/cs140/projects/pintos/specs/freevga/vga/license.html]
[web.stanford.edu/class/cs140/projects/pintos/specs/kbd/laser.html]
[web.stanford.edu/class/cs140/projects/pintos/specs/kbd/toshiba.html]
[web.stanford.edu/class/cs140/projects/pintos/specs/kbd/laser-s.html]
[web.stanford.edu/class/cs140/projects/pintos/specs/kbd/toshiba-s.html]
[web.stanford.edu/class/cs140/projects/pintos/specs/kbd/ncr.html]
[web.stanford.edu/class/cs140/projects/pintos/specs/kbd/abnt-keypad.html]
[web.stanford.edu/class/cs140/projects/pintos/specs/kbd/sun-type5.html]
[web.stanford.edu/class/cs140/projects/pintos/specs/freevga/vga/Char.html]
